// Jest Snapshot v1, https://goo.gl/fbAQLP

exports[`Fraud protection rule card notice tests renders error box correctly 1`] = `
{
  "asFragment": [Function],
  "baseElement": <body>
    <p
      class="a11y-speak-intro-text"
      id="a11y-speak-intro-text"
      style="position: absolute;margin: -1px;padding: 0;height: 1px;width: 1px;overflow: hidden;clip: rect(1px, 1px, 1px, 1px);-webkit-clip-path: inset(50%);clip-path: inset(50%);border: 0;word-wrap: normal !important;"
    >
      Notifications
    </p>
    <div
      aria-atomic="true"
      aria-live="assertive"
      aria-relevant="additions text"
      class="a11y-speak-region"
      id="a11y-speak-assertive"
      style="position: absolute;margin: -1px;padding: 0;height: 1px;width: 1px;overflow: hidden;clip: rect(1px, 1px, 1px, 1px);-webkit-clip-path: inset(50%);clip-path: inset(50%);border: 0;word-wrap: normal !important;"
    >
                This is the test content  Â 
    </div>
    <div
      aria-atomic="true"
      aria-live="polite"
      aria-relevant="additions text"
      class="a11y-speak-region"
      id="a11y-speak-polite"
      style="position: absolute;margin: -1px;padding: 0;height: 1px;width: 1px;overflow: hidden;clip: rect(1px, 1px, 1px, 1px);-webkit-clip-path: inset(50%);clip-path: inset(50%);border: 0;word-wrap: normal !important;"
    />
    <div>
      <div
        class="wcpay-inline-notice wcpay-inline-error-notice fraud-protection-rule-card-notice fraud-protection-rule-card-notice-error components-notice is-error"
      >
        <div
          class="components-notice__content"
        >
          <div
            class="components-flex css-bmzg3m-View-Flex-sx-Base-sx-Items-ItemsRow em57xhy0"
            data-wp-c16t="true"
            data-wp-component="Flex"
          >
            <div
              class="components-flex-item wcpay-inline-notice__icon wcpay-inline-error-notice__icon css-mw3lhz-View-Item-sx-Base em57xhy0"
              data-wp-c16t="true"
              data-wp-component="FlexItem"
            >
              <svg
                class="gridicon gridicons-notice-outline"
                height="24"
                viewBox="0 0 24 24"
                width="24"
                xmlns="http://www.w3.org/2000/svg"
              >
                <g>
                  <path
                    d="M12 4c4.411 0 8 3.589 8 8s-3.589 8-8 8-8-3.589-8-8 3.589-8 8-8m0-2C6.477 2 2 6.477 2 12s4.477 10 10 10 10-4.477 10-10S17.523 2 12 2zm1 13h-2v2h2v-2zm-2-2h2l.5-6h-3l.5 6z"
                  />
                </g>
              </svg>
            </div>
            <div
              class="components-flex-item wcpay-inline-notice__content wcpay-inline-error-notice__content css-mw3lhz-View-Item-sx-Base em57xhy0"
              data-wp-c16t="true"
              data-wp-component="FlexItem"
            >
              This is the test content
            </div>
          </div>
          <div
            class="components-notice__actions"
          />
        </div>
      </div>
    </div>
  </body>,
  "container": <div>
    <div
      class="wcpay-inline-notice wcpay-inline-error-notice fraud-protection-rule-card-notice fraud-protection-rule-card-notice-error components-notice is-error"
    >
      <div
        class="components-notice__content"
      >
        <div
          class="components-flex css-bmzg3m-View-Flex-sx-Base-sx-Items-ItemsRow em57xhy0"
          data-wp-c16t="true"
          data-wp-component="Flex"
        >
          <div
            class="components-flex-item wcpay-inline-notice__icon wcpay-inline-error-notice__icon css-mw3lhz-View-Item-sx-Base em57xhy0"
            data-wp-c16t="true"
            data-wp-component="FlexItem"
          >
            <svg
              class="gridicon gridicons-notice-outline"
              height="24"
              viewBox="0 0 24 24"
              width="24"
              xmlns="http://www.w3.org/2000/svg"
            >
              <g>
                <path
                  d="M12 4c4.411 0 8 3.589 8 8s-3.589 8-8 8-8-3.589-8-8 3.589-8 8-8m0-2C6.477 2 2 6.477 2 12s4.477 10 10 10 10-4.477 10-10S17.523 2 12 2zm1 13h-2v2h2v-2zm-2-2h2l.5-6h-3l.5 6z"
                />
              </g>
            </svg>
          </div>
          <div
            class="components-flex-item wcpay-inline-notice__content wcpay-inline-error-notice__content css-mw3lhz-View-Item-sx-Base em57xhy0"
            data-wp-c16t="true"
            data-wp-component="FlexItem"
          >
            This is the test content
          </div>
        </div>
        <div
          class="components-notice__actions"
        />
      </div>
    </div>
  </div>,
  "debug": [Function],
  "findAllByAltText": [Function],
  "findAllByDisplayValue": [Function],
  "findAllByLabelText": [Function],
  "findAllByPlaceholderText": [Function],
  "findAllByRole": [Function],
  "findAllByTestId": [Function],
  "findAllByText": [Function],
  "findAllByTitle": [Function],
  "findByAltText": [Function],
  "findByDisplayValue": [Function],
  "findByLabelText": [Function],
  "findByPlaceholderText": [Function],
  "findByRole": [Function],
  "findByTestId": [Function],
  "findByText": [Function],
  "findByTitle": [Function],
  "getAllByAltText": [Function],
  "getAllByDisplayValue": [Function],
  "getAllByLabelText": [Function],
  "getAllByPlaceholderText": [Function],
  "getAllByRole": [Function],
  "getAllByTestId": [Function],
  "getAllByText": [Function],
  "getAllByTitle": [Function],
  "getByAltText": [Function],
  "getByDisplayValue": [Function],
  "getByLabelText": [Function],
  "getByPlaceholderText": [Function],
  "getByRole": [Function],
  "getByTestId": [Function],
  "getByText": [Function],
  "getByTitle": [Function],
  "queryAllByAltText": [Function],
  "queryAllByDisplayValue": [Function],
  "queryAllByLabelText": [Function],
  "queryAllByPlaceholderText": [Function],
  "queryAllByRole": [Function],
  "queryAllByTestId": [Function],
  "queryAllByText": [Function],
  "queryAllByTitle": [Function],
  "queryByAltText": [Function],
  "queryByDisplayValue": [Function],
  "queryByLabelText": [Function],
  "queryByPlaceholderText": [Function],
  "queryByRole": [Function],
  "queryByTestId": [Function],
  "queryByText": [Function],
  "queryByTitle": [Function],
  "rerender": [Function],
  "unmount": [Function],
}
`;

exports[`Fraud protection rule card notice tests renders info box correctly 1`] = `
{
  "asFragment": [Function],
  "baseElement": <body>
    <p
      class="a11y-speak-intro-text"
      id="a11y-speak-intro-text"
      style="position: absolute;margin: -1px;padding: 0;height: 1px;width: 1px;overflow: hidden;clip: rect(1px, 1px, 1px, 1px);-webkit-clip-path: inset(50%);clip-path: inset(50%);border: 0;word-wrap: normal !important;"
    >
      Notifications
    </p>
    <div
      aria-atomic="true"
      aria-live="assertive"
      aria-relevant="additions text"
      class="a11y-speak-region"
      id="a11y-speak-assertive"
      style="position: absolute;margin: -1px;padding: 0;height: 1px;width: 1px;overflow: hidden;clip: rect(1px, 1px, 1px, 1px);-webkit-clip-path: inset(50%);clip-path: inset(50%);border: 0;word-wrap: normal !important;"
    />
    <div
      aria-atomic="true"
      aria-live="polite"
      aria-relevant="additions text"
      class="a11y-speak-region"
      id="a11y-speak-polite"
      style="position: absolute;margin: -1px;padding: 0;height: 1px;width: 1px;overflow: hidden;clip: rect(1px, 1px, 1px, 1px);-webkit-clip-path: inset(50%);clip-path: inset(50%);border: 0;word-wrap: normal !important;"
    >
              This is the test content  
    </div>
    <div>
      <div
        class="wcpay-inline-notice wcpay-inline-info-notice fraud-protection-rule-card-notice fraud-protection-rule-card-notice-info components-notice is-info"
      >
        <div
          class="components-notice__content"
        >
          <div
            class="components-flex css-bmzg3m-View-Flex-sx-Base-sx-Items-ItemsRow em57xhy0"
            data-wp-c16t="true"
            data-wp-component="Flex"
          >
            <div
              class="components-flex-item wcpay-inline-notice__icon wcpay-inline-info-notice__icon css-mw3lhz-View-Item-sx-Base em57xhy0"
              data-wp-c16t="true"
              data-wp-component="FlexItem"
            >
              <svg
                aria-hidden="true"
                focusable="false"
                height="24"
                size="24"
                viewBox="0 0 24 24"
                width="24"
              >
                <path
                  d="M12 15.8c-3.7 0-6.8-3-6.8-6.8s3-6.8 6.8-6.8c3.7 0 6.8 3 6.8 6.8s-3.1 6.8-6.8 6.8zm0-12C9.1 3.8  6.8 6.1 6.8 9s2.4 5.2 5.2 5.2c2.9 0 5.2-2.4 5.2-5.2S14.9 3.8 12 3.8zM8 17.5h8V19H8zM10 20.5h4V22h-4z"
                />
              </svg>
            </div>
            <div
              class="components-flex-item wcpay-inline-notice__content wcpay-inline-info-notice__content css-mw3lhz-View-Item-sx-Base em57xhy0"
              data-wp-c16t="true"
              data-wp-component="FlexItem"
            >
              This is the test content
            </div>
          </div>
          <div
            class="components-notice__actions"
          />
        </div>
      </div>
    </div>
  </body>,
  "container": <div>
    <div
      class="wcpay-inline-notice wcpay-inline-info-notice fraud-protection-rule-card-notice fraud-protection-rule-card-notice-info components-notice is-info"
    >
      <div
        class="components-notice__content"
      >
        <div
          class="components-flex css-bmzg3m-View-Flex-sx-Base-sx-Items-ItemsRow em57xhy0"
          data-wp-c16t="true"
          data-wp-component="Flex"
        >
          <div
            class="components-flex-item wcpay-inline-notice__icon wcpay-inline-info-notice__icon css-mw3lhz-View-Item-sx-Base em57xhy0"
            data-wp-c16t="true"
            data-wp-component="FlexItem"
          >
            <svg
              aria-hidden="true"
              focusable="false"
              height="24"
              size="24"
              viewBox="0 0 24 24"
              width="24"
            >
              <path
                d="M12 15.8c-3.7 0-6.8-3-6.8-6.8s3-6.8 6.8-6.8c3.7 0 6.8 3 6.8 6.8s-3.1 6.8-6.8 6.8zm0-12C9.1 3.8  6.8 6.1 6.8 9s2.4 5.2 5.2 5.2c2.9 0 5.2-2.4 5.2-5.2S14.9 3.8 12 3.8zM8 17.5h8V19H8zM10 20.5h4V22h-4z"
              />
            </svg>
          </div>
          <div
            class="components-flex-item wcpay-inline-notice__content wcpay-inline-info-notice__content css-mw3lhz-View-Item-sx-Base em57xhy0"
            data-wp-c16t="true"
            data-wp-component="FlexItem"
          >
            This is the test content
          </div>
        </div>
        <div
          class="components-notice__actions"
        />
      </div>
    </div>
  </div>,
  "debug": [Function],
  "findAllByAltText": [Function],
  "findAllByDisplayValue": [Function],
  "findAllByLabelText": [Function],
  "findAllByPlaceholderText": [Function],
  "findAllByRole": [Function],
  "findAllByTestId": [Function],
  "findAllByText": [Function],
  "findAllByTitle": [Function],
  "findByAltText": [Function],
  "findByDisplayValue": [Function],
  "findByLabelText": [Function],
  "findByPlaceholderText": [Function],
  "findByRole": [Function],
  "findByTestId": [Function],
  "findByText": [Function],
  "findByTitle": [Function],
  "getAllByAltText": [Function],
  "getAllByDisplayValue": [Function],
  "getAllByLabelText": [Function],
  "getAllByPlaceholderText": [Function],
  "getAllByRole": [Function],
  "getAllByTestId": [Function],
  "getAllByText": [Function],
  "getAllByTitle": [Function],
  "getByAltText": [Function],
  "getByDisplayValue": [Function],
  "getByLabelText": [Function],
  "getByPlaceholderText": [Function],
  "getByRole": [Function],
  "getByTestId": [Function],
  "getByText": [Function],
  "getByTitle": [Function],
  "queryAllByAltText": [Function],
  "queryAllByDisplayValue": [Function],
  "queryAllByLabelText": [Function],
  "queryAllByPlaceholderText": [Function],
  "queryAllByRole": [Function],
  "queryAllByTestId": [Function],
  "queryAllByText": [Function],
  "queryAllByTitle": [Function],
  "queryByAltText": [Function],
  "queryByDisplayValue": [Function],
  "queryByLabelText": [Function],
  "queryByPlaceholderText": [Function],
  "queryByRole": [Function],
  "queryByTestId": [Function],
  "queryByText": [Function],
  "queryByTitle": [Function],
  "rerender": [Function],
  "unmount": [Function],
}
`;

exports[`Fraud protection rule card notice tests renders warning box correctly 1`] = `
{
  "asFragment": [Function],
  "baseElement": <body>
    <p
      class="a11y-speak-intro-text"
      id="a11y-speak-intro-text"
      style="position: absolute;margin: -1px;padding: 0;height: 1px;width: 1px;overflow: hidden;clip: rect(1px, 1px, 1px, 1px);-webkit-clip-path: inset(50%);clip-path: inset(50%);border: 0;word-wrap: normal !important;"
    >
      Notifications
    </p>
    <div
      aria-atomic="true"
      aria-live="assertive"
      aria-relevant="additions text"
      class="a11y-speak-region"
      id="a11y-speak-assertive"
      style="position: absolute;margin: -1px;padding: 0;height: 1px;width: 1px;overflow: hidden;clip: rect(1px, 1px, 1px, 1px);-webkit-clip-path: inset(50%);clip-path: inset(50%);border: 0;word-wrap: normal !important;"
    />
    <div
      aria-atomic="true"
      aria-live="polite"
      aria-relevant="additions text"
      class="a11y-speak-region"
      id="a11y-speak-polite"
      style="position: absolute;margin: -1px;padding: 0;height: 1px;width: 1px;overflow: hidden;clip: rect(1px, 1px, 1px, 1px);-webkit-clip-path: inset(50%);clip-path: inset(50%);border: 0;word-wrap: normal !important;"
    >
                This is the test content  
    </div>
    <div>
      <div
        class="wcpay-inline-notice wcpay-inline-warning-notice fraud-protection-rule-card-notice fraud-protection-rule-card-notice-warning components-notice is-warning"
      >
        <div
          class="components-notice__content"
        >
          <div
            class="components-flex css-bmzg3m-View-Flex-sx-Base-sx-Items-ItemsRow em57xhy0"
            data-wp-c16t="true"
            data-wp-component="Flex"
          >
            <div
              class="components-flex-item wcpay-inline-notice__icon wcpay-inline-warning-notice__icon css-mw3lhz-View-Item-sx-Base em57xhy0"
              data-wp-c16t="true"
              data-wp-component="FlexItem"
            >
              <svg
                class="gridicon gridicons-notice-outline"
                height="24"
                viewBox="0 0 24 24"
                width="24"
                xmlns="http://www.w3.org/2000/svg"
              >
                <g>
                  <path
                    d="M12 4c4.411 0 8 3.589 8 8s-3.589 8-8 8-8-3.589-8-8 3.589-8 8-8m0-2C6.477 2 2 6.477 2 12s4.477 10 10 10 10-4.477 10-10S17.523 2 12 2zm1 13h-2v2h2v-2zm-2-2h2l.5-6h-3l.5 6z"
                  />
                </g>
              </svg>
            </div>
            <div
              class="components-flex-item wcpay-inline-notice__content wcpay-inline-warning-notice__content css-mw3lhz-View-Item-sx-Base em57xhy0"
              data-wp-c16t="true"
              data-wp-component="FlexItem"
            >
              This is the test content
            </div>
          </div>
          <div
            class="components-notice__actions"
          />
        </div>
      </div>
    </div>
  </body>,
  "container": <div>
    <div
      class="wcpay-inline-notice wcpay-inline-warning-notice fraud-protection-rule-card-notice fraud-protection-rule-card-notice-warning components-notice is-warning"
    >
      <div
        class="components-notice__content"
      >
        <div
          class="components-flex css-bmzg3m-View-Flex-sx-Base-sx-Items-ItemsRow em57xhy0"
          data-wp-c16t="true"
          data-wp-component="Flex"
        >
          <div
            class="components-flex-item wcpay-inline-notice__icon wcpay-inline-warning-notice__icon css-mw3lhz-View-Item-sx-Base em57xhy0"
            data-wp-c16t="true"
            data-wp-component="FlexItem"
          >
            <svg
              class="gridicon gridicons-notice-outline"
              height="24"
              viewBox="0 0 24 24"
              width="24"
              xmlns="http://www.w3.org/2000/svg"
            >
              <g>
                <path
                  d="M12 4c4.411 0 8 3.589 8 8s-3.589 8-8 8-8-3.589-8-8 3.589-8 8-8m0-2C6.477 2 2 6.477 2 12s4.477 10 10 10 10-4.477 10-10S17.523 2 12 2zm1 13h-2v2h2v-2zm-2-2h2l.5-6h-3l.5 6z"
                />
              </g>
            </svg>
          </div>
          <div
            class="components-flex-item wcpay-inline-notice__content wcpay-inline-warning-notice__content css-mw3lhz-View-Item-sx-Base em57xhy0"
            data-wp-c16t="true"
            data-wp-component="FlexItem"
          >
            This is the test content
          </div>
        </div>
        <div
          class="components-notice__actions"
        />
      </div>
    </div>
  </div>,
  "debug": [Function],
  "findAllByAltText": [Function],
  "findAllByDisplayValue": [Function],
  "findAllByLabelText": [Function],
  "findAllByPlaceholderText": [Function],
  "findAllByRole": [Function],
  "findAllByTestId": [Function],
  "findAllByText": [Function],
  "findAllByTitle": [Function],
  "findByAltText": [Function],
  "findByDisplayValue": [Function],
  "findByLabelText": [Function],
  "findByPlaceholderText": [Function],
  "findByRole": [Function],
  "findByTestId": [Function],
  "findByText": [Function],
  "findByTitle": [Function],
  "getAllByAltText": [Function],
  "getAllByDisplayValue": [Function],
  "getAllByLabelText": [Function],
  "getAllByPlaceholderText": [Function],
  "getAllByRole": [Function],
  "getAllByTestId": [Function],
  "getAllByText": [Function],
  "getAllByTitle": [Function],
  "getByAltText": [Function],
  "getByDisplayValue": [Function],
  "getByLabelText": [Function],
  "getByPlaceholderText": [Function],
  "getByRole": [Function],
  "getByTestId": [Function],
  "getByText": [Function],
  "getByTitle": [Function],
  "queryAllByAltText": [Function],
  "queryAllByDisplayValue": [Function],
  "queryAllByLabelText": [Function],
  "queryAllByPlaceholderText": [Function],
  "queryAllByRole": [Function],
  "queryAllByTestId": [Function],
  "queryAllByText": [Function],
  "queryAllByTitle": [Function],
  "queryByAltText": [Function],
  "queryByDisplayValue": [Function],
  "queryByLabelText": [Function],
  "queryByPlaceholderText": [Function],
  "queryByRole": [Function],
  "queryByTestId": [Function],
  "queryByText": [Function],
  "queryByTitle": [Function],
  "rerender": [Function],
  "unmount": [Function],
}
`;
