// Jest Snapshot v1, https://goo.gl/fbAQLP

exports[`HelloWorld it renders correctly 1`] = `
<div
  className="woocommerce-payments__section"
>
  Hello, world.
</div>
`;
