// Jest Snapshot v1, https://goo.gl/fbAQLP

exports[`Deposits list renders correctly 1`] = `
<div>
  <div
    class="woocommerce-card woocommerce-table has-menu"
  >
    <div
      class="woocommerce-card__header"
    >
      <div
        class="woocommerce-card__title-wrapper"
      >
        <h2
          class="woocommerce-card__title woocommerce-card__header-item"
        >
          Deposit history
        </h2>
      </div>
      <div
        class="woocommerce-card__menu woocommerce-card__header-item"
      >
        <div
          class="woocommerce-ellipsis-menu"
        >
          <div>
            <button
              aria-expanded="false"
              class="components-button components-icon-button woocommerce-ellipsis-menu__toggle"
              title="Choose which values to display"
              type="button"
            >
              <svg
                aria-hidden="true"
                class="dashicon dashicons-ellipsis"
                focusable="false"
                height="20"
                role="img"
                viewBox="0 0 20 20"
                width="20"
                xmlns="http://www.w3.org/2000/svg"
              >
                <path
                  d="M5 10c0 1.1-.9 2-2 2s-2-.9-2-2 .9-2 2-2 2 .9 2 2zm12-2c-1.1 0-2 .9-2 2s.9 2 2 2 2-.9 2-2-.9-2-2-2zm-7 0c-1.1 0-2 .9-2 2s.9 2 2 2 2-.9 2-2-.9-2-2-2z"
                />
              </svg>
            </button>
          </div>
        </div>
      </div>
    </div>
    <div
      class="woocommerce-card__body"
    >
      <div
        aria-hidden="false"
        aria-labelledby="caption-0"
        class="woocommerce-table__table"
        role="group"
      >
        <table>
          <caption
            class="woocommerce-table__caption screen-reader-text"
            id="caption-0"
          >
            Deposit history
          </caption>
          <tbody>
            <tr>
              <th
                class="woocommerce-table__header info-button"
                role="columnheader"
                scope="col"
              >
                <span
                  aria-hidden="false"
                />
              </th>
              <th
                class="woocommerce-table__header date-time is-left-aligned"
                role="columnheader"
                scope="col"
              >
                <span
                  aria-hidden="false"
                >
                  Date
                </span>
              </th>
              <th
                class="woocommerce-table__header"
                role="columnheader"
                scope="col"
              >
                <span
                  aria-hidden="false"
                >
                  Type
                </span>
              </th>
              <th
                class="woocommerce-table__header is-numeric"
                role="columnheader"
                scope="col"
              >
                <span
                  aria-hidden="false"
                >
                  Amount
                </span>
              </th>
              <th
                class="woocommerce-table__header"
                role="columnheader"
                scope="col"
              >
                <span
                  aria-hidden="false"
                >
                  Status
                </span>
              </th>
              <th
                class="woocommerce-table__header"
                role="columnheader"
                scope="col"
              >
                <span
                  aria-hidden="false"
                >
                  Bank account
                </span>
              </th>
            </tr>
            <tr>
              <th
                class="woocommerce-table__item info-button"
                scope="row"
              >
                <a
                  data-link-type="wc-admin"
                  href="admin.php?page=wc-admin&path=%2Fpayments%2Fdeposits%2Fdetails&id=po_mock1"
                >
                  <svg
                    class="gridicon gridicons-info-outline needs-offset"
                    height="18"
                    viewBox="0 0 24 24"
                    width="18"
                    xmlns="http://www.w3.org/2000/svg"
                  >
                    <g>
                      <path
                        d="M13 9h-2V7h2v2zm0 2h-2v6h2v-6zm-1-7c-4.41 0-8 3.59-8 8s3.59 8 8 8 8-3.59 8-8-3.59-8-8-8m0-2c5.523 0 10 4.477 10 10s-4.477 10-10 10S2 17.523 2 12 6.477 2 12 2z"
                      />
                    </g>
                  </svg>
                </a>
              </th>
              <td
                class="woocommerce-table__item date-time is-left-aligned"
              >
                <a
                  data-link-type="wc-admin"
                  href="admin.php?page=wc-admin&path=%2Fpayments%2Fdeposits%2Fdetails&id=po_mock1"
                >
                  Jan 2, 2020
                </a>
              </td>
              <td
                class="woocommerce-table__item"
              >
                <a
                  class="woocommerce-table__clickable-cell"
                  data-link-type="wc-admin"
                  href="admin.php?page=wc-admin&path=%2Fpayments%2Fdeposits%2Fdetails&id=po_mock1"
                  tabindex="-1"
                >
                  Deposit
                </a>
              </td>
              <td
                class="woocommerce-table__item is-numeric"
              >
                <a
                  class="woocommerce-table__clickable-cell"
                  data-link-type="wc-admin"
                  href="admin.php?page=wc-admin&path=%2Fpayments%2Fdeposits%2Fdetails&id=po_mock1"
                  tabindex="-1"
                >
                  $20.00
                </a>
              </td>
              <td
                class="woocommerce-table__item"
              >
                <a
                  class="woocommerce-table__clickable-cell"
                  data-link-type="wc-admin"
                  href="admin.php?page=wc-admin&path=%2Fpayments%2Fdeposits%2Fdetails&id=po_mock1"
                  tabindex="-1"
                >
                  Paid
                </a>
              </td>
              <td
                class="woocommerce-table__item"
              >
                <a
                  class="woocommerce-table__clickable-cell"
                  data-link-type="wc-admin"
                  href="admin.php?page=wc-admin&path=%2Fpayments%2Fdeposits%2Fdetails&id=po_mock1"
                  tabindex="-1"
                >
                  MOCK BANK •••• 1234 (USD)
                </a>
              </td>
            </tr>
            <tr>
              <th
                class="woocommerce-table__item info-button"
                scope="row"
              >
                <a
                  data-link-type="wc-admin"
                  href="admin.php?page=wc-admin&path=%2Fpayments%2Fdeposits%2Fdetails&id=po_mock2"
                >
                  <svg
                    class="gridicon gridicons-info-outline needs-offset"
                    height="18"
                    viewBox="0 0 24 24"
                    width="18"
                    xmlns="http://www.w3.org/2000/svg"
                  >
                    <g>
                      <path
                        d="M13 9h-2V7h2v2zm0 2h-2v6h2v-6zm-1-7c-4.41 0-8 3.59-8 8s3.59 8 8 8 8-3.59 8-8-3.59-8-8-8m0-2c5.523 0 10 4.477 10 10s-4.477 10-10 10S2 17.523 2 12 6.477 2 12 2z"
                      />
                    </g>
                  </svg>
                </a>
              </th>
              <td
                class="woocommerce-table__item date-time is-left-aligned"
              >
                <a
                  data-link-type="wc-admin"
                  href="admin.php?page=wc-admin&path=%2Fpayments%2Fdeposits%2Fdetails&id=po_mock2"
                >
                  Jan 3, 2020
                </a>
              </td>
              <td
                class="woocommerce-table__item"
              >
                <a
                  class="woocommerce-table__clickable-cell"
                  data-link-type="wc-admin"
                  href="admin.php?page=wc-admin&path=%2Fpayments%2Fdeposits%2Fdetails&id=po_mock2"
                  tabindex="-1"
                >
                  Withdrawal
                </a>
              </td>
              <td
                class="woocommerce-table__item is-numeric"
              >
                <a
                  class="woocommerce-table__clickable-cell"
                  data-link-type="wc-admin"
                  href="admin.php?page=wc-admin&path=%2Fpayments%2Fdeposits%2Fdetails&id=po_mock2"
                  tabindex="-1"
                >
                  $30.00
                </a>
              </td>
              <td
                class="woocommerce-table__item"
              >
                <a
                  class="woocommerce-table__clickable-cell"
                  data-link-type="wc-admin"
                  href="admin.php?page=wc-admin&path=%2Fpayments%2Fdeposits%2Fdetails&id=po_mock2"
                  tabindex="-1"
                >
                  Pending
                </a>
              </td>
              <td
                class="woocommerce-table__item"
              >
                <a
                  class="woocommerce-table__clickable-cell"
                  data-link-type="wc-admin"
                  href="admin.php?page=wc-admin&path=%2Fpayments%2Fdeposits%2Fdetails&id=po_mock2"
                  tabindex="-1"
                >
                  MOCK BANK •••• 1234 (USD)
                </a>
              </td>
            </tr>
          </tbody>
        </table>
      </div>
    </div>
  </div>
</div>
`;
