// Jest Snapshot v1, https://goo.gl/fbAQLP

exports[`PaymentsActivity component should render 1`] = `
<div>
  <div
    class="components-surface components-card css-nsno0f-View-Surface-getBorders-primary-Card-rounded em57xhy0"
    data-wp-c16t="true"
    data-wp-component="Card"
  >
    <div
      class="css-mgwsf4-View-Content em57xhy0"
    >
      <div
        class="components-flex components-card__header components-card-header css-1g5oj2q-View-Flex-sx-Base-sx-Items-ItemsRow-Header-borderRadius-borderColor-medium em57xhy0"
        data-wp-c16t="true"
        data-wp-component="CardHeader"
      >
        Your payment activity
      </div>
      <div
        class="components-card__body components-card-body wcpay-payments-activity__card__body css-1nwhnu3-View-Body-borderRadius-medium em57xhy0"
        data-wp-c16t="true"
        data-wp-component="CardBody"
      >
        <div
          class="payments-activity-data"
        >
          <div
            class="total-payments-volume"
          >
            <div
              class="total-payments-volume__heading"
            >
              Total payments volume
              <svg
                class="gridicon gridicons-help-outline"
                height="24"
                viewBox="0 0 24 24"
                width="24"
                xmlns="http://www.w3.org/2000/svg"
              >
                <g>
                  <path
                    d="M12 4c4.411 0 8 3.589 8 8s-3.589 8-8 8-8-3.589-8-8 3.589-8 8-8m0-2C6.477 2 2 6.477 2 12s4.477 10 10 10 10-4.477 10-10S17.523 2 12 2zm4 8a4 4 0 00-8 0h2c0-1.103.897-2 2-2s2 .897 2 2-.897 2-2 2a1 1 0 00-1 1v2h2v-1.141A3.991 3.991 0 0016 10zm-3 6h-2v2h2v-2z"
                  />
                </g>
              </svg>
            </div>
            <div
              class="total-payments-volume__body"
            >
              $30.00
            </div>
          </div>
          <div
            class="payments-data-highlights"
          />
        </div>
      </div>
      <div
        class="components-flex components-card__footer components-card-footer css-oc4v7j-View-Flex-sx-Base-sx-Items-ItemsRow-Footer-borderRadius-borderColor-small em57xhy0"
        data-wp-c16t="true"
        data-wp-component="CardFooter"
      >
        <div
          class="wcpay-payments-activity__survey"
        >
          <div
            class="survey_container"
          >
            Are those metrics helpful?
            <div
              class="survey_container__emoticons"
            >
              <button
                class="components-button has-icon"
                type="button"
              >
                <span
                  aria-label="very-unhappy"
                  role="img"
                >
                  😞
                </span>
              </button>
              <button
                class="components-button has-icon"
                type="button"
              >
                <span
                  aria-label="unhappy"
                  role="img"
                >
                  🫤
                </span>
              </button>
              <button
                class="components-button has-icon"
                type="button"
              >
                <span
                  aria-label="neutral"
                  role="img"
                >
                  😑
                </span>
              </button>
              <button
                class="components-button has-icon"
                type="button"
              >
                <span
                  aria-label="happy"
                  role="img"
                >
                  🙂
                </span>
              </button>
              <button
                class="components-button has-icon"
                type="button"
              >
                <span
                  aria-label="very-happy"
                  role="img"
                >
                  😍
                </span>
              </button>
            </div>
          </div>
        </div>
      </div>
    </div>
    <div
      aria-hidden="true"
      class="components-elevation css-91yjwm-View-Elevation-sx-Base-elevationClassName em57xhy0"
      data-wp-c16t="true"
      data-wp-component="Elevation"
    />
    <div
      aria-hidden="true"
      class="components-elevation css-91yjwm-View-Elevation-sx-Base-elevationClassName em57xhy0"
      data-wp-c16t="true"
      data-wp-component="Elevation"
    />
  </div>
</div>
`;

exports[`PaymentsActivity component should render an empty state 1`] = `
<div>
  <div
    class="components-surface components-card css-nsno0f-View-Surface-getBorders-primary-Card-rounded em57xhy0"
    data-wp-c16t="true"
    data-wp-component="Card"
  >
    <div
      class="css-mgwsf4-View-Content em57xhy0"
    >
      <div
        class="components-flex components-card__header components-card-header css-1g5oj2q-View-Flex-sx-Base-sx-Items-ItemsRow-Header-borderRadius-borderColor-medium em57xhy0"
        data-wp-c16t="true"
        data-wp-component="CardHeader"
      >
        Your payment activity
      </div>
      <div
        class="components-card__body components-card-body wcpay-payments-activity__card__body css-1nwhnu3-View-Body-borderRadius-medium em57xhy0"
        data-wp-c16t="true"
        data-wp-component="CardBody"
      >
        <div
          class="wcpay-payments-activity__card__body__empty-state-wrapper"
        >
          <img
            alt=""
            src="assets/images/payment-activity-empty-state.svg"
          />
          <p>
            <strong>
              No payments…yet!
            </strong>
          </p>
          <p>
            Once your first order comes in, you'll start seeing your payment activity right here.
          </p>
        </div>
      </div>
    </div>
    <div
      aria-hidden="true"
      class="components-elevation css-91yjwm-View-Elevation-sx-Base-elevationClassName em57xhy0"
      data-wp-c16t="true"
      data-wp-component="Elevation"
    />
    <div
      aria-hidden="true"
      class="components-elevation css-91yjwm-View-Elevation-sx-Base-elevationClassName em57xhy0"
      data-wp-c16t="true"
      data-wp-component="Elevation"
    />
  </div>
</div>
`;
