// Jest Snapshot v1, https://goo.gl/fbAQLP

exports[`Instant payout button and modal button renders correctly with balance 1`] = `
<div>
  <button
    class="components-button is-primary"
    type="button"
  >
    Get $123.45 now
  </button>
</div>
`;

exports[`Instant payout button and modal modal renders correctly 1`] = `
<div
  aria-labelledby="components-modal-header-0"
  class="components-modal__frame wcpay-instant-payout-modal"
  role="dialog"
  tabindex="-1"
>
  <div
    class="components-modal__content"
    role="document"
  >
    <div
      class="components-modal__header"
    >
      <div
        class="components-modal__header-heading-container"
      >
        <h1
          class="components-modal__header-heading"
          id="components-modal-header-0"
        >
          Instant payout
        </h1>
      </div>
      <button
        aria-label="Close dialog"
        class="components-button has-icon"
        type="button"
      >
        <svg
          aria-hidden="true"
          focusable="false"
          height="24"
          viewBox="0 0 24 24"
          width="24"
          xmlns="http://www.w3.org/2000/svg"
        >
          <path
            d="M12 13.06l3.712 3.713 1.061-1.06L13.061 12l3.712-3.712-1.06-1.06L12 10.938 8.288 7.227l-1.061 1.06L10.939 12l-3.712 3.712 1.06 1.061L12 13.061z"
          />
        </svg>
      </button>
    </div>
    <p>
      Need cash in a hurry? Instant payoutss are available within 30 minutes for a nominal 1.5% service fee.
      <a
        href="https://woocommerce.com/document/woopayments/deposits/instant-deposits/"
        rel="noopener noreferrer"
        target="_blank"
      >
        Learn more
      </a>
    </p>
    <ul>
      <li
        class="wcpay-instant-payout-modal__balance"
      >
        Balance available for instant payout:
        <span>
          $123.45
        </span>
      </li>
      <li
        class="wcpay-instant-payout-modal__fee"
      >
        1.5% service fee:
        <span>
          -
          $1.23
        </span>
      </li>
      <li
        class="wcpay-instant-payout-modal__net"
      >
        Net payout amount:
        <span>
          $122.22
        </span>
      </li>
    </ul>
    <div
      class="wcpay-instant-payout-modal__footer"
    >
      <button
        class="components-button is-secondary"
        type="button"
      >
        Cancel
      </button>
      <button
        class="components-button is-primary"
        type="button"
      >
        Deposit $122.22 now
      </button>
    </div>
  </div>
</div>
`;
