// Jest Snapshot v1, https://goo.gl/fbAQLP

exports[`CardPresentDetails renders loading 1`] = `
<div>
  <div
    class="payment-method-details"
  >
    <div
      class="payment-method-details__column"
    >
      <div
        class="payment-method-detail"
      >
        <h4
          class="payment-method-detail__label"
        >
          Number
        </h4>
        <p
          class="payment-method-detail__value"
        >
          •••• 
          9999
        </p>
      </div>
      <div
        class="payment-method-detail"
      >
        <h4
          class="payment-method-detail__label"
        >
          Expires
        </h4>
        <p
          class="payment-method-detail__value"
        >
          11 / 2023
        </p>
      </div>
      <div
        class="payment-method-detail"
      >
        <h4
          class="payment-method-detail__label"
        >
          Type
        </h4>
        <p
          class="payment-method-detail__value"
        >
          Network undefined card
        </p>
      </div>
      <div
        class="payment-method-detail"
      >
        <h4
          class="payment-method-detail__label"
        >
          ID
        </h4>
        <p
          class="payment-method-detail__value"
        />
      </div>
    </div>
    <div
      class="payment-method-details__column"
    >
      <div
        class="payment-method-detail"
      >
        <h4
          class="payment-method-detail__label"
        >
          Owner
        </h4>
        <p
          class="payment-method-detail__value"
        >
          foo
        </p>
      </div>
      <div
        class="payment-method-detail"
      >
        <h4
          class="payment-method-detail__label"
        >
          Owner email
        </h4>
        <p
          class="payment-method-detail__value"
        >
          bar
        </p>
      </div>
      <div
        class="payment-method-detail"
      >
        <h4
          class="payment-method-detail__label"
        >
          Address
        </h4>
        <p
          class="payment-method-detail__value"
        >
          <span />
        </p>
      </div>
      <div
        class="payment-method-detail"
      >
        <h4
          class="payment-method-detail__label"
        >
          Origin
        </h4>
        <p
          class="payment-method-detail__value"
        >
          United States of America
        </p>
      </div>
    </div>
  </div>
</div>
`;
