// Jest Snapshot v1, https://goo.gl/fbAQLP

exports[`Single currency settings screen Page renders correctly 1`] = `
<div>
  <div
    class="single-currency-settings"
  >
    <div
      class="wcpay-settings-layout"
    >
      <h2
        class="single-currency-settings-breadcrumb"
      >
        <button
          class="components-button is-link"
          type="button"
        >
          Enabled currencies
        </button>
         
        &gt; 
        Euro
         (
        EUR
        )
         
        ðŸ‡ªðŸ‡º
      </h2>
      <div
        class="settings-section"
      >
        <div
          class="settings-section__details"
        >
          <h2>
            Currency settings
          </h2>
          <p>
            Choose between automatic or manual exchange rates and modify formatting rules to refine the display of your prices.
          </p>
        </div>
        <div
          class="settings-section__controls"
        >
          <div
            class="components-surface components-card single-currency-settings-currency-settings css-nsno0f-View-Surface-getBorders-primary-Card-rounded em57xhy0"
            data-wp-c16t="true"
            data-wp-component="Card"
          >
            <div
              class="css-mgwsf4-View-Content em57xhy0"
            >
              <div
                class="components-card__body components-card-body css-1nwhnu3-View-Body-borderRadius-medium em57xhy0"
                data-wp-c16t="true"
                data-wp-component="CardBody"
              >
                <h3>
                  Exchange rate
                </h3>
                <fieldset>
                  <ul>
                    <li>
                      <label
                        for="single-currency-settings__automatic_rate_radio"
                      >
                        <div
                          class="single-currency-settings-radio-wrapper"
                        >
                          <input
                            checked=""
                            class="exchange-rate-selector"
                            id="single-currency-settings__automatic_rate_radio"
                            name="wcpay_multi_currency_exchange_rate_aud"
                            type="radio"
                            value="automatic"
                          />
                          <h4>
                            Fetch rates automatically
                          </h4>
                        </div>
                        <p
                          class="single-currency-settings-description single-currency-settings-description-inset"
                        >
                          Current rate: 1 USD = 0.826381 EUR (Last updated: September 24, 2021 01:14)
                        </p>
                      </label>
                    </li>
                    <li>
                      <label
                        for="single-currency-settings__manual_rate_radio"
                      >
                        <div
                          class="single-currency-settings-radio-wrapper"
                        >
                          <input
                            class="exchange-rate-selector"
                            id="single-currency-settings__manual_rate_radio"
                            name="wcpay_multi_currency_exchange_rate_aud"
                            type="radio"
                            value="manual"
                          />
                          <h4>
                            Manual
                          </h4>
                        </div>
                        <p
                          class="single-currency-settings-description single-currency-settings-description-inset"
                        >
                          Enter your fixed rate of exchange
                        </p>
                      </label>
                    </li>
                    
                  </ul>
                </fieldset>
                <h3>
                  Formatting rules
                </h3>
                <fieldset>
                  <ul>
                    <li>
                      <h4>
                        Price rounding
                      </h4>
                      <select
                        data-testid="price_rounding"
                      >
                        <option
                          value="0"
                        >
                          None
                        </option>
                        <option
                          value="0.25"
                        >
                          0.25
                        </option>
                        <option
                          value="0.5"
                        >
                          0.50
                        </option>
                        <option
                          value="1"
                        >
                          1.00 (recommended)
                        </option>
                        <option
                          value="5"
                        >
                          5.00
                        </option>
                        <option
                          value="10"
                        >
                          10.00
                        </option>
                      </select>
                      <p
                        class="single-currency-settings-description"
                      >
                        Make your EUR prices consistent by rounding them up after they're converted.
                        <button
                          class="components-button is-link"
                          type="button"
                        >
                          Learn more
                        </button>
                      </p>
                    </li>
                    <li>
                      <h4>
                        Charm pricing
                      </h4>
                      <select
                        data-testid="price_charm"
                      >
                        <option
                          value="0"
                        >
                          None
                        </option>
                        <option
                          value="-0.01"
                        >
                          -0.01
                        </option>
                        <option
                          value="-0.05"
                        >
                          -0.05
                        </option>
                      </select>
                      <p
                        class="single-currency-settings-description"
                      >
                        Reduce the converted price for a specific amount
                        <button
                          class="components-button is-link"
                          type="button"
                        >
                          Learn more
                        </button>
                      </p>
                    </li>
                  </ul>
                </fieldset>
              </div>
            </div>
            <div
              aria-hidden="true"
              class="components-elevation css-91yjwm-View-Elevation-sx-Base-elevationClassName em57xhy0"
              data-wp-c16t="true"
              data-wp-component="Elevation"
            />
            <div
              aria-hidden="true"
              class="components-elevation css-91yjwm-View-Elevation-sx-Base-elevationClassName em57xhy0"
              data-wp-c16t="true"
              data-wp-component="Elevation"
            />
          </div>
        </div>
      </div>
      <div
        class="settings-section"
      >
        <div
          class="settings-section__details"
        >
          <h2>
            Preview
          </h2>
          <p>
            Enter a price in your default currency (United States (US) dollar) to see it converted to Euro using the exchange rate and formatting rules above.
          </p>
        </div>
        <div
          class="settings-section__controls"
        >
          <div
            class="single-currency-settings-preview-wrapper"
          >
            <div
              class="components-surface components-card css-nsno0f-View-Surface-getBorders-primary-Card-rounded em57xhy0"
              data-wp-c16t="true"
              data-wp-component="Card"
            >
              <div
                class="css-mgwsf4-View-Content em57xhy0"
              >
                <div
                  class="components-card__body components-card-body css-1nwhnu3-View-Body-borderRadius-medium em57xhy0"
                  data-wp-c16t="true"
                  data-wp-component="CardBody"
                >
                  <div>
                    <h4>
                      United States (US) dollar
                    </h4>
                    <div>
                      <div
                        class="components-base-control with-value css-wdf2ti-Wrapper ej5x27r4"
                      >
                        <div
                          class="components-base-control__field css-10urnh1-StyledField-deprecatedMarginField ej5x27r3"
                        >
                          <div
                            class="text-control-with-affixes text-control-with-suffix"
                          >
                            <input
                              aria-describedby="inspector-text-control-with-affixes-0__suffix"
                              class="components-text-control__input"
                              data-testid="store_currency_value"
                              id="inspector-text-control-with-affixes-0"
                              type="text"
                              value="20"
                            />
                            <span
                              class="text-control-with-affixes__suffix"
                              id="inspector-text-control-with-affixes-0__suffix"
                            >
                              $
                            </span>
                          </div>
                        </div>
                      </div>
                    </div>
                  </div>
                  <div>
                    <h4>
                      Euro
                    </h4>
                    <div>
                      <strong
                        data-testid="calculated_value"
                      >
                        â‚¬17.00
                      </strong>
                    </div>
                  </div>
                </div>
              </div>
              <div
                aria-hidden="true"
                class="components-elevation css-91yjwm-View-Elevation-sx-Base-elevationClassName em57xhy0"
                data-wp-c16t="true"
                data-wp-component="Elevation"
              />
              <div
                aria-hidden="true"
                class="components-elevation css-91yjwm-View-Elevation-sx-Base-elevationClassName em57xhy0"
                data-wp-c16t="true"
                data-wp-component="Elevation"
              />
            </div>
          </div>
        </div>
      </div>
      <div
        class="settings-section single-currency-settings-save-settings-section"
      >
        <div
          class="settings-section__details"
        />
        <div
          class="settings-section__controls"
        >
          <button
            class="components-button is-primary"
            type="button"
          >
            Save changes
          </button>
        </div>
      </div>
    </div>
  </div>
</div>
`;
